0001 program ejemplo_for;
0002 
0003 uses
0004   crt;
0005 
0006 var
0007   i : integer;
0008   j : integer;
0009   suma : integer;
0010   
0011 const
0012   MAX = 10;
0013   
0014 begin
0015   suma := 0;
0016   
0017   { Bucle for correcto }
0018   for i := 1 to MAX do
0019   begin
0020     suma := suma + i;
0021     writeln('Suma parcial: ', suma);
0022   end;
0023   
0024   { Bucle for con errores }
0025   for z := 1 to 'diez' do
0026   begin
0027    writeln('Este bucle tiene errores');
0028     end;
0029   
0030   { Bucle for sin sentencias }
0031   for j := 5 to 10 do
0032   begin
0033   end;
0034   
0035   writeln('Suma total: ', suma);
0036 end.
0037 
============== ERRORES ENCONTRADOS ==============
Error 451. Línea 0003. La sentencia uses debe tener contenido y finalizar con ';'
Error 340. Línea 0006. Las variables deben declararse después de const
Error 310. Línea 0006. La declaración de variable debe finalizar con ';'
Error 504. Línea 0011. Las constantes deben declararse antes de var
Error 500. Línea 0011. Declaración de constante inválida. Se espera: const <identificador> = <valor>;
Error 502. Línea 0011. La declaración de constante debe finalizar con punto y coma
Error 501. Línea 0011. La declaración de constante debe incluir el signo igual (=)
Error 350. Línea 0015. Variable 'suma' usada pero no declarada en la sección var
Error 801. Línea 0017. No debe haber espacios después de { o antes de }
Error 350. Línea 0018. Variable 'i' usada pero no declarada en la sección var
Error 350. Línea 0018. Variable 'MAX' usada pero no declarada en la sección var
Error 902. Línea 0018. La variable 'i' no ha sido declarada en el bucle for
Error 904. Línea 0018. El valor final 'MAX' no está declarado
Error 908. Línea 0019. La línea 'begin' debe tener una tabulación de 4 espacios respecto a la posición del for
Error 350. Línea 0020. Variable 'suma' usada pero no declarada en la sección var
Error 350. Línea 0020. Variable 'suma' usada pero no declarada en la sección var
Error 350. Línea 0020. Variable 'i' usada pero no declarada en la sección var
Error 908. Línea 0020. La sentencia debe tener una tabulación de 4 espacios respecto a la posición del begin
Error 705. Línea 0021. Variable 'suma' usada pero no declarada en la sección var
Error 350. Línea 0021. Variable 'suma' usada pero no declarada en la sección var
Error 908. Línea 0022. La línea 'end;' debe tener una tabulación de 4 espacios respecto a la posición del for
Error 801. Línea 0024. No debe haber espacios después de { o antes de }
Error 350. Línea 0025. Variable 'z' usada pero no declarada en la sección var
Error 902. Línea 0025. La variable 'z' no ha sido declarada en el bucle for
Error 904. Línea 0025. El valor final debe ser un número entero o un identificador válido
Error 908. Línea 0026. La línea 'begin' debe tener una tabulación de 4 espacios respecto a la posición del for
Error 908. Línea 0027. La sentencia debe tener una tabulación de 4 espacios respecto a la posición del begin
Error 908. Línea 0028. La línea 'end;' debe tener una tabulación de 4 espacios respecto a la posición del for
Error 801. Línea 0030. No debe haber espacios después de { o antes de }
Error 350. Línea 0031. Variable 'j' usada pero no declarada en la sección var
Error 902. Línea 0031. La variable 'j' no ha sido declarada en el bucle for
Error 908. Línea 0032. La línea 'begin' debe tener una tabulación de 4 espacios respecto a la posición del for
Error 907. Línea 0032. El bucle for debe contener al menos una línea de código
Error 908. Línea 0033. La línea 'end;' debe tener una tabulación de 4 espacios respecto a la posición del for
Error 705. Línea 0035. Variable 'suma' usada pero no declarada en la sección var
Error 350. Línea 0035. Variable 'suma' usada pero no declarada en la sección var
Error 999. Línea 0036. La línea 'end' debe tener la misma tabulación que el 'begin' (esperado: 2 espacios, encontrado: 0)